apiVersion: networking.istio.io/v1alpha3
kind: VirtualService
metadata:
  creationTimestamp: null
  name: foo-org-tls-istio-autogenerated-k8s-ingress
  namespace: bar
spec:
  gateways:
  - istio-system/tls-istio-autogenerated-k8s-ingress-bar
  hosts:
  - foo.org
  tls:
  - match:
     - port:443
       sniHosts:
       - foo.org
    route:
    - destination:
        host: httpbin.bar.svc.mydomain
        port:
          number: 443
---
apiVersion: networking.istio.io/v1alpha3
kind: Gateway
metadata:
  creationTimestamp: null
  name: tls-istio-autogenerated-k8s-ingress-bar
  namespace: istio-system
spec:
  selector:
    istio: ingressgateway
  servers:
  - hosts:
    - foo.org
    port:
      name: http-443-ingress-tls-bar
      number: 443
      protocol: HTTPS
  - hosts:
    - '*'
    port:
      name: http-80-ingress-foo-ns
      number: 80
      protocol: HTTP    
---
